// Vitest Snapshot v1, https://vitest.dev/guide/snapshot.html

exports[`<OAuth2ClientDetail> > renders client details 1`] = `
<div>
  <div
    class="_blockList_f8cc7f"
  >
    <header
      class="_header_477219"
    >
      <h3
        class="_typography_yh5dq_162 _font-heading-md-semibold_yh5dq_121"
      >
        Test Client
      </h3>
    </header>
    <div
      class="_block_17898c"
    >
      <h4
        class="_typography_yh5dq_162 _font-heading-sm-semibold_yh5dq_102 _title_17898c"
      >
        Client info
      </h4>
      <div
        class="_wrapper_040867"
      >
        <div
          class="_datum_040867"
        >
          <h5
            class="_typography_yh5dq_162 _font-body-sm-regular_yh5dq_40"
          >
            Name
          </h5>
          <p
            class="_typography_yh5dq_162 _font-body-md-regular_yh5dq_59 _datumValue_040867"
          >
            Test Client
          </p>
        </div>
        <div
          class="_datum_040867"
        >
          <h5
            class="_typography_yh5dq_162 _font-body-sm-regular_yh5dq_40"
          >
            Terms of service
          </h5>
          <a
            class="_link_1mzip_17 _externalLink_a97355"
            data-kind="primary"
            href="https://client.org/tos"
            rel="noreferrer noopener"
            target="_blank"
          >
            client.org/tos
          </a>
        </div>
        <div
          class="_datum_040867"
        >
          <h5
            class="_typography_yh5dq_162 _font-body-sm-regular_yh5dq_40"
          >
            Policy
          </h5>
          <a
            class="_link_1mzip_17 _externalLink_a97355"
            data-kind="primary"
            href="https://client.org/policy"
            rel="noreferrer noopener"
            target="_blank"
          >
            client.org/policy
          </a>
        </div>
      </div>
    </div>
  </div>
</div>
`;
