---
source: crates/keystore/tests/keystore.rs
expression: token.as_str()
---
eyJhbGciOiJQUzM4NCJ9.IiI.AHBo1kZW72IQfs7NvjfrD_WpDa9avLdKyf_rqcCp0mJtGID60cgOG5RDTmI6K7TwzykW6l6LjEuYXDR8hemri6mQrtpQ6rMVTJwqJ6D8M92vH4b2gDBwSwbKz427bGdd_fnqm5K2ntwZGC7pceYg1zbcUQ6NJXs3vqKI6YSKustmm9yA1iMfugFG4eLAPrpfTtLmT1sSWYTYWHVT-6G5q7Bfk7Yu5aHiGDQTo427-Y9YF2fabIuDyCGG48UrBp0ajlm1MHKCBuOvK6NI5Jojd9IWDIf7tvAArsrKVR8QRvDXqqPInJEEZ5x7H1YEEZ5Qrh4XKVhRh9b3O-grDMxMng
