---
source: crates/keystore/tests/keystore.rs
expression: token.as_str()
---
eyJhbGciOiJSUzM4NCJ9.IiI.bxKYTQQ4RlxOUvxbU_kuwJKGXXiuIPeRgO78a_3zHjvxIzDNKDvQK3w4DUVTlibR-iTVOASRSycWifBJZx_tsU7-BSqrBcjMtgP7mW-HwZ6pANO071iPkkiQU7gqMzbc2tz4uqGI0Z0izkX0_9dOOFSb7jKIUMzzW1O14fBPhZ4kPqkj07A9S9LW9lauQUTXrFgyEaT6G372cyNxi3-T55u9lkjjiiVN4TAhkaXUSN79IE2rNstU8DtKKs725WNUFy30f1-Ftc-J2uGEOsMZ9CQvEVPwOKbvFY2Uh1S8-FT4ahhwj1fxrmUwDH2lSmz6Rj5zf9-FF-IzivSVq4Z4ig
