---
source: crates/keystore/tests/keystore.rs
expression: "rsa.to_pem(LineEnding::LF).unwrap()"
---
-----BEGIN RSA PRIVATE KEY-----
MIIEpAIBAAKCAQEAvClyfM076hWBZonjThx/PX46UQUWb2LfOpUV1655ZGoKMKgq
anLMMfLBPjW9ouY6UtrZ7BxEgl01xLZ1dLdD2Ggb2IpwW56PUuZD2w9hJMungjR0
ImymFBwjA9j2ucr0eIHdVQoOakEsrB0dqEC+3R7ax7piGCj9YB6uGZbDVfIJUv40
o1pb+hvmmyQHwpoU4jR1y/V+OhrdFMPtwCXov2nlrqDb/e+T7TQlu4FN0URI6VxL
NcSkgZfJH50PdJPr7AHqtnWhOGBfLaC9jDpGxfbjmC1iSMSzOt6WyVdcnqHv/Jpz
Xu0SzFqpUSm3OI/l2DUjwTJBL1TOIRTVsjQN1wIDAQABAoIBAD4bcC7Bj4U0lAHE
gcLGpTkm8RjNFRqvB//ONed7L5Z1aeelmlqIid3ywtZF5tJeK+ItWsEUk4h0O8sy
bpKX600DEC3phCy5qZUzbDJiYS5ECoZvyeWS9z6sCuK6OrYYx5j/RI9NQnTQDm7B
LYjb1iQmixBh9P8EiJ2xgsXvfYpgSDv2nUBVywp8HUmadAqE89cBsyurvMpR6eY4
HI0Wge+vIbh0KHj5h7sJ7C8mWBcnjkJ9hWSCumMth3wufEpfs4lCUjhojTkr6ioT
9Mok8VpZvsxzDw3Ubnut1lX7II2EYwNEfgm/Tcw4/NC2eLc1AjoshxLVLg5JWy85
RGj7FAECgYEAyLTpdQjD0PrQBi6O5HWQnVMVvJQz6bihdKUrjwJOfWvqgKVpAVVQ
IbLUT3J6ooe4Tei6xc7viNA7JZ+KyRvaQuZT4nWW2AkOCOnaxH3NKI4cDpWsdNdC
jNBHnIUUvDU4c4CkgIc8f1Gezm9epDVsgb1+wxwSbB8Je4S7M8is1WUCgYEA7//M
f1UPl32yaXH7ag8DbWHMzeNRw5T+F3zTagp93mCM0mPYyjggMfwPFr7167ISWrG4
6DfHHABqhjnAkKfrrFMN5Xm8oup60XXIox1FB4Ew4K0VzyMTnSMPMMEGJZx6VQJP
TlGpexs4t+1N/gWgcGv1OgZ+fw7hjcaFtTMAcIsCgYBY/W3tyF8aT7rgotAUl9Px
DZ+7p3KFFKnx0DJKDFnE3o5xT+YJA0yuRF5Cg53AZrDfSmtVvXUTklBHVD/y/3h8
5ScYZ87kJs+kQBwRtz2515i1FsQKYk9NpCO8UH1rHaXUAJvvqQa35PamzVaHNHDR
7bVAyTeZ3QEVVTqzsSyAyQKBgQDDIcL+QIW10VBPJYqZ9+z8cUkYmVuwXqKdLDOk
gzVFqlC0+tOXzzx2B4+pGchPQ3Bi5x8FR9yOqtPxoGEt/CnE6Z5h1rIF8Am95jsk
TDcE3AiGlJQn30giOhAuvrIlwG1CUudyMTlQS5i5Cquf/qks3sn6zK7q1YmUQTYT
Vo1j8wKBgQCgSISkWgRrQhEdZKBBzcxkWyUXUMieZa+pPTooZGY1VAqyTSXHUlLi
mrWtJ4temNK6OE7xAWJMWL6cVAxQUrs8C11DS//IGMxlMF/7uMU6pOFmMqq52G3D
k3NkZSJmC1liFiu3Q6Q2UqGHRX8CS5MeLncReuNUnFOiX8X2fcjoRw==
-----END RSA PRIVATE KEY-----

