---
source: crates/keystore/tests/keystore.rs
expression: jwks
---
keys:
  - kty: RSA
    n: vClyfM076hWBZonjThx_PX46UQUWb2LfOpUV1655ZGoKMKgqanLMMfLBPjW9ouY6UtrZ7BxEgl01xLZ1dLdD2Ggb2IpwW56PUuZD2w9hJMungjR0ImymFBwjA9j2ucr0eIHdVQoOakEsrB0dqEC-3R7ax7piGCj9YB6uGZbDVfIJUv40o1pb-hvmmyQHwpoU4jR1y_V-OhrdFMPtwCXov2nlrqDb_e-T7TQlu4FN0URI6VxLNcSkgZfJH50PdJPr7AHqtnWhOGBfLaC9jDpGxfbjmC1iSMSzOt6WyVdcnqHv_JpzXu0SzFqpUSm3OI_l2DUjwTJBL1TOIRTVsjQN1w
    e: AQAB
  - kty: EC
    crv: P-256
    x: XcA-X-lhDCmmzaUQFh7i7gkT7mwdrRUsMl9RSfyWh90
    y: 5_satzuP5rzJlJ5b8u7QaB5HAHUyfmZL_paC8PppHAQ
  - kty: EC
    crv: P-384
    x: mvOl0FuwgxfRob3AWOd7CeJT9M_a3648KJ8IsUCSFgUTo5abJuYXSMC34-OiFD2A
    y: jRKA_FT_HkdrP7s5YBL9YZ8_9sJi5TKlNNkeUHGOxnPQsg0ztW4eVdhRWI5LOMX7
  - kty: EC
    crv: secp256k1
    x: f4htTtPsdxlZn1htWE3ueHT4JB_4n4lxVOQdT_3RFuA
    y: kuWikNOKEvaSjEABwJ9W42y0UPPGMYtwoB7gorUvkaw

