---
source: crates/keystore/tests/keystore.rs
expression: token.as_str()
---
eyJhbGciOiJQUzUxMiJ9.IiI.o_-UDhc26qYAstuaFJQUz8OKw3UeMc4N7b3U4qcLM-84dxRdw-wBw1rf94jX71vsrFQ2bEh6J5fc4_VtYgKBb2P6QvoL55c7Gqr-5JBw8BkoiiCzlvKIsi_j41FH5Gb4ZBE5Nf9vZD7DnD9BhYXadxaiksx20oNRKIKQ3oMiJxH1w0c-miCSoIR0jnS1QLlKoHYVb7wnkCiR2SOYQ42Je8B8REVzWm2GrqS2cRWnpi3nHihrapruL_BA161Ip1uH4lUFdZLXeG-R6pAlg1OJ_QXSZlP16nzT6MAW_-IFXfioR1QKT8AFNBodY8zlQCGglMyppZi5Y9i7YaMxFgnM4A
