---
source: crates/keystore/tests/keystore.rs
expression: token.as_str()
---
eyJhbGciOiJQUzI1NiJ9.IiI.HlJaOfS2PMi4mWzE8-0EgXt06-MeqzaLRy_04gs4HTS7FugbSJ0rJiwUwhss6O1KWT9TvDqo6AQBO_2hV1DKDiBIIh5Z6M92uC4MJNVLbAVQo6dSBt2DfSzioBI5MoDOBvgbIwSZAIFMqKTbYDa9rQ3XRAaClpqrIN-ACa3gz99ds5mYvUyiYsL5uuEBuWrp8DRk6WKjduhpOi4sMvylZbnfop1uHbvg6_dk5lzXt-1MKIW1QJW_63cFn7vdap5T9U4DBsEkCzYtuwgU-UCmsC8W07QEfcrJhHIlYoPQPHePKF0A4dVHKrgRmf1ik2p6e-VNw129JMvx0KO6v_JBww
