---
source: crates/keystore/tests/keystore.rs
expression: "ec_p256.to_pem(LineEnding::LF).unwrap()"
---
-----BEGIN EC PRIVATE KEY-----
MHcCAQEEIH3L+ZYgfEaJtclP07qPQBrmkHEhYkyYooxvU8AlSW+CoAoGCCqGSM49
AwEHoUQDQgAEXcA+X+lhDCmmzaUQFh7i7gkT7mwdrRUsMl9RSfyWh93n+xq3O4/m
vMmUnlvy7tBoHkcAdTJ+Zkv+loLw+mkcBA==
-----END EC PRIVATE KEY-----

