---
source: crates/keystore/tests/keystore.rs
expression: token.as_str()
---
eyJhbGciOiJSUzUxMiJ9.IiI.nFsZ3X8GCgpPEojuEktc9a4C-YGQYx8XpbzhOkgnMVrw_wpqIQgWI--4r6BYV6TYAH8NBdQ8Dkdw6POh1Ni-vAtE2rAzjU19ySth5mfP7WEJXRxA1oEV3-dOqCgUI2JJEM13DuLlWFsUaOCbc1_kCkiziTcLtNap__EPGp5koRy-ZyVa1p_mQSQ4NlhJ3hZfHMGnQ0k3RWnpBn3AqERWllQllLniWGQ4l7rZStsD8PRr-rg7P7W7CRIyjrDqy_3bNJyKQCzs_oUrxO-Z7CU6-KfAeyM2U80TQvhZb-Z8_1dJ8e9WsfudQMLtHgO4tlD678Ywezjvr5ackZdn4QEEEA
