---
source: crates/keystore/tests/keystore.rs
expression: "ec_p384.to_pem(LineEnding::LF).unwrap()"
---
-----BEGIN EC PRIVATE KEY-----
MIGkAgEBBDAl3R97SR8hWLuMH6737YdvXVb7P7T9pKSIhQozmzN+r+V5Ncvjn+DQ
Q/QxYr9nLwOgBwYFK4EEACKhZANiAASa86XQW7CDF9GhvcBY53sJ4lP0z9rfrjwo
nwixQJIWBROjlpsm5hdIwLfj46IUPYCNEoD8VP8eR2s/uzlgEv1hnz/2wmLlMqU0
2R5QcY7Gc9CyDTO1bh5V2FFYjks4xfs=
-----END EC PRIVATE KEY-----

