---
source: crates/keystore/tests/keystore.rs
expression: "ec_k256.to_pem(LineEnding::LF).unwrap()"
---
-----BEGIN EC PRIVATE KEY-----
MHQCAQEEIBcikq9QkV39T8VFZWD4j5wO9xm0FWxhuAmvDRpix8XUoAcGBSuBBAAK
oUQDQgAEf4htTtPsdxlZn1htWE3ueHT4JB/4n4lxVOQdT/3RFuCS5aKQ04oS9pKM
QAHAn1bjbLRQ88Yxi3CgHuCitS+RrA==
-----END EC PRIVATE KEY-----

