---
source: crates/keystore/tests/keystore.rs
expression: token.as_str()
---
eyJhbGciOiJSUzI1NiJ9.IiI.H_iz_ry505dPMNxQIi4raU88i3wu7DS0Rre6Qm_LJz0Ee_gd5C_t92fBcrFkber1XL_p8AvlXx4DT2Zr_PMBL_2IblJ7t0Od5wnGC__twarj0v1t6KfUkLXcJ3Jy-StnHNbFTmdFnLuGGWIO7xG9h6xgKIvTroVoLJekMzYCc0wSFiyCfaow4yuKesQHUO-N9VDDPoYhkCPqbhVI_d0y6u7KmQy97FbCdCIxvPGHWrwxWcmYbTh4K9xhGDspDUUEubjYTg3t-oaMc2TJqWvu2FE8jyD02A8OCgca6bCU3NmV_Qr6LSUpFNsL4c-0sIp3-L9ndEWzGnN-ZeeGKur-FQ
