---
source: crates/jose/tests/jws.rs
expression: jwt.as_str()
---
eyJhbGciOiJSUzM4NCJ9.eyJoZWxsbyI6IndvcmxkIn0.UgY6PfaVQ3Rhz_RvS8YZmCjUIcchejdWcf5zvSRK0ANGB1r2yvcdvGkOeVsFdKW_z7oru_4jTOffLgm8NoYVvg_x44u_z63ENrQTGbO0QLOLZKI4fuEvKDrKpkf2BmSPa-2feKQECVXxCcIiR32Q_zTHJtTIaDV2-hk2W_CEJxCVqLZ4b6l5iI2qLKUS3vERDKdwA2igiA_NElv4KThCtNIoS8TBohwio-M-SV43i-aJHnyn2U6Uw3Gu1mCSIBeRUNoQPXFBFnWY1Pa5TrxPA2jekck9j_xCWOX_jWK1khBW1lMwzYC5Ry24S7QxOcg8l2x8I6J03gB4N651fhcKgQ
