---
source: crates/jose/tests/jws.rs
expression: jwt.as_str()
---
eyJhbGciOiJQUzUxMiJ9.eyJoZWxsbyI6IndvcmxkIn0.Chyx9_a-dAyy2tB5hgj3SzLCoDSFx7GxO1PnFCrPN0z8pVRpOTrHaHDVlqPq0IjIGwPAcrTpNtwTIJdjNcpck9nyTShOUQya0tAGCrV1hbxR_QLGPayJydq8_treTKHeGxby4RaInM8k_hLz-6136FDiZXSxtZ6p4mCEcWeYiG5WGVqY15YptCuIipsY01Fyrew8djnIgW9bqS0aP9pakQWOIigYavFxhrLzyutgXiNxsNSH8OTCh9UQr62xEePJWsXkZIkSqtQlEnK68qhSgLffinyDtDMS7CAt82Lh0ac3vqRVyM0w4_l2C-auLE1aeAAroAhnc9YLVg0BufvydQ
