---
source: crates/jose/tests/jws.rs
expression: jwt.as_str()
---
eyJhbGciOiJSUzUxMiJ9.eyJoZWxsbyI6IndvcmxkIn0.HMs8F0DuJbLh0mjhXh5-PE66m8hwjdRP0_ixm_LKmeieAmJrerObyKHtstOdaLO0l_r3XXg2bHjzwGNSn3XF5Gj0RgqRqW6T5X8CO_Kf__0B-lTUfiXpxyLMhb3Vkt9fRa1YZjVix8hGsEx8oerA_xqv1DzgdKNvO4kK_Vzykuz5bgLn2oQR1w1NARCqazmjKh4S9q9XS8BZ-Ke2xTLSOpLP4g67IGyo79Y_BZ0-mOgBWZmPGzJnBGOrv4Lc-Vn3kPNZqREM9DA9IILw1hbCRG6x31pM5u1PESIV1dSuoIaab5A9yfBx1Fr9PRxV-1qHRaRYi06E_q_jxwtPG2oM7w
