---
source: crates/jose/tests/jws.rs
expression: jwt.as_str()
---
eyJhbGciOiJQUzM4NCJ9.eyJoZWxsbyI6IndvcmxkIn0.IlvyM131OVgUdNUlnAFDC4ZgIUtF_rzM_mOYasKi9WMB6d83AD-CRSnpkCXjSRS6WXx8fcLl5WA5COAMTG7PiDZlCxQ2zWsBn4SF2e8ARAiCsEGkkHhY6r68mXq86bdVD_46RKOnpBBK_DGu_ZHFY7Cjo6SGYol57HKIoGhTi79qQd0tYPdqNYO02KOTsR83-ph5vdEdM4jLg81X7--rH08Zhtnywu1JnmtxEotTvtbwXB1tDTTZvgywzgP63krP44D5hH-PlKLw4Bia_LQkSE4OE1HfDsK1IK4Y7SniJTrTQXp5FVASPrQnF2-lJUz_oDqzTKAv7FXCcCz1iPKbvg
