// Vitest Snapshot v1, https://vitest.dev/guide/snapshot.html

exports[`<Layout /> > renders app navigation correctly 1`] = `
<a
  aria-current="page"
  class="_navItem_8603fc"
  data-status="active"
  href="/"
>
  Profile
</a>
`;

exports[`<Layout /> > renders app navigation correctly 2`] = `
<a
  class="_navItem_8603fc"
  href="/sessions"
>
  Sessions
</a>
`;
