// Vitest Snapshot v1, https://vitest.dev/guide/snapshot.html

exports[`<VerifyEmail /> > renders an active session 1`] = `
[
  <header
    className="_header_07ded5"
  >
    <svg
      className="_icon_07ded5"
      fill="currentColor"
      height="1em"
      viewBox="0 0 24 24"
      width="1em"
      xmlns="http://www.w3.org/2000/svg"
    >
      <path
        d="M9.55 17.575c-.133 0-.258-.02-.375-.063a.878.878 0 0 1-.325-.212L4.55 13c-.183-.183-.27-.42-.263-.713.009-.291.105-.529.288-.712a.948.948 0 0 1 .7-.275.95.95 0 0 1 .7.275L9.55 15.15l8.475-8.475c.183-.183.42-.275.713-.275.291 0 .529.092.712.275.183.183.275.42.275.713 0 .291-.092.529-.275.712l-9.2 9.2c-.1.1-.208.17-.325.212a1.106 1.106 0 0 1-.375.063Z"
        fill="currentColor"
      />
    </svg>
    <h1
      className="_title_07ded5"
    >
      Verify your email
    </h1>
    <p
      className="_tagline_07ded5"
    >
      Enter the 6-digit code sent to
       
      <span
        className="_email_07ded5"
      >
        ernie@sesame.st
      </span>
    </p>
  </header>,
  <form
    className="_root_xzzw3_23 _form_07ded5"
    onInvalid={[Function]}
    onReset={[Function]}
    onSubmit={[Function]}
  >
    <div
      className="_field_xzzw3_32"
    >
      <label
        className="_label_xzzw3_41"
        htmlFor="radix-:r0:"
        onMouseDown={[Function]}
      >
        6-digit code
      </label>
      <input
        className="_control_xzzw3_55"
        id="radix-:r0:"
        inputMode="numeric"
        name="code"
        onChange={[Function]}
        onInvalid={[Function]}
        placeholder="xxxxxx"
        title=""
        type="text"
      />
    </div>
    <button
      className="_button_lls7s_17 _submitButton_07ded5 _submitButton_07ded5"
      data-kind="primary"
      data-size="lg"
      disabled={false}
      role="button"
      tabIndex={0}
      type="submit"
    >
      Continue
    </button>
    <button
      className="_button_lls7s_17"
      data-kind="tertiary"
      data-size="lg"
      disabled={false}
      onClick={[Function]}
      role="button"
      tabIndex={0}
    >
      Resend email
    </button>
  </form>,
]
`;

exports[`<VerifyEmail /> > renders verify screen for email 1`] = `
[
  <header
    className="_header_07ded5"
  >
    <svg
      className="_icon_07ded5"
      fill="currentColor"
      height="1em"
      viewBox="0 0 24 24"
      width="1em"
      xmlns="http://www.w3.org/2000/svg"
    >
      <path
        d="M9.55 17.575c-.133 0-.258-.02-.375-.063a.878.878 0 0 1-.325-.212L4.55 13c-.183-.183-.27-.42-.263-.713.009-.291.105-.529.288-.712a.948.948 0 0 1 .7-.275.95.95 0 0 1 .7.275L9.55 15.15l8.475-8.475c.183-.183.42-.275.713-.275.291 0 .529.092.712.275.183.183.275.42.275.713 0 .291-.092.529-.275.712l-9.2 9.2c-.1.1-.208.17-.325.212a1.106 1.106 0 0 1-.375.063Z"
        fill="currentColor"
      />
    </svg>
    <h1
      className="_title_07ded5"
    >
      Verify your email
    </h1>
    <p
      className="_tagline_07ded5"
    >
      Enter the 6-digit code sent to
       
      <span
        className="_email_07ded5"
      >
        ernie@sesame.st
      </span>
    </p>
  </header>,
  <form
    className="_root_xzzw3_23 _form_07ded5"
    onInvalid={[Function]}
    onReset={[Function]}
    onSubmit={[Function]}
  >
    <div
      className="_field_xzzw3_32"
    >
      <label
        className="_label_xzzw3_41"
        htmlFor="radix-:r0:"
        onMouseDown={[Function]}
      >
        6-digit code
      </label>
      <input
        className="_control_xzzw3_55"
        id="radix-:r0:"
        inputMode="numeric"
        name="code"
        onChange={[Function]}
        onInvalid={[Function]}
        placeholder="xxxxxx"
        title=""
        type="text"
      />
    </div>
    <button
      className="_button_lls7s_17 _submitButton_07ded5 _submitButton_07ded5"
      data-kind="primary"
      data-size="lg"
      disabled={false}
      role="button"
      tabIndex={0}
      type="submit"
    >
      Continue
    </button>
    <button
      className="_button_lls7s_17"
      data-kind="tertiary"
      data-size="lg"
      disabled={false}
      onClick={[Function]}
      role="button"
      tabIndex={0}
    >
      Resend email
    </button>
  </form>,
]
`;
